8.632538112
8.646605312
8.662967296
8.67809536
8.694872576
8.707817984
8.72401152
8.739347456
8.753631744
8.769667072
11.424353792
11.423785472
11.426797056
11.411319808
11.40524288
11.405765632
11.40322816
11.406288896
11.400714752
11.404701184
11.41235456
11.409172992
11.411862016
11.417783808
11.420401152
11.435717632
11.431140864
11.422135296
11.430328832
11.415990784
11.422322176
11.411486208
11.414784512
11.41108992
11.417736704
11.404231168
11.393024512
11.402903552
11.390221824
11.380514816
11.38051072
11.381192192
11.372928512
11.364519424
11.370207232
11.355509248
11.361403392
11.360351744
11.371830272
11.37506048
11.355587072
11.368022016
11.362596352
11.370538496
11.357408256
11.364964864
11.366760448
11.360553984
11.359194112
11.360427008
11.360252928
11.349009408
11.363336704
11.357595648
11.349274112
11.354609664
11.345905152
11.341595648
11.342555648
11.34596864
11.349116928
11.347392512
11.347375104
11.345935872
11.356742144
11.349617664
11.357590528
11.367066112
11.368352256
11.362952192
11.374203392
11.37728
11.36754176
11.377947648
11.371621376
11.367387648
11.373547008
11.376375808
11.376687616
11.382034432
11.379272192
11.379120128
11.37828096
11.375715328
11.361521664
11.367788032
11.359194624
11.351694336
11.358136832
11.347316736
11.344101376
11.346305024
11.34917888
11.348054528
11.353151488
11.35547904
11.345537024
11.357017088
11.35702528
11.344061952
11.346609664
11.352909824
11.355615232
11.35021312
11.336139264
11.348347904
11.332608
11.34023936
11.338543616
11.3424256
11.33126656
11.339442176
11.335158784
11.349202432
11.342311936
11.355917312
11.359025664
11.35958272
11.36352256
11.362001408
11.368753152
11.368722944
11.361391616
11.374122496
11.38016256
11.369365504
11.364694528
11.382340608
11.369031168
11.380402688
11.3861504
11.383148544
11.36725504
11.366195712
11.357977088
11.362458112
11.3740032
11.358152704
11.367503872
11.366525952
11.35583744
11.356854784
11.36862976
11.377298944
11.374360576
11.379063296
11.380184576
11.377503744
11.375699968
11.376730624
11.373133312
11.375291904
11.361275904
11.369373696
11.355226624
11.36395776
11.347412992
11.36343808
11.355591168
11.34396416
11.359457792
11.360309248
11.36062976
11.357063168
11.353303552
11.350830592
11.35114752
11.34246912
11.344452096
11.355441664
11.360093696
11.366252544
11.370042368
11.367153152
11.362503168
11.373085184
11.369530368
11.370276864
11.370014208
11.36159232
11.366450688
11.361605632
11.358078976
11.357857792
11.357622784
11.351799296
11.358657024
11.361371136
11.361530368
11.34477312
11.34524928
11.359167488
11.346427904
11.355860992
11.3541504
11.355319808
11.345166336
11.356542464
11.357126144
11.360171008
11.361270272
11.367781888
11.368653824
11.379238912
11.381071872
11.38363648
11.391545344
11.380460544
11.381664256
11.382641152
11.385245696
11.378364416
11.38572032
11.374384128
11.38376704
11.38671104
11.372368896
11.374744064
11.379618816
11.379170304
11.369493504
11.380571648
11.375456768
11.36930304
11.375413248
11.373643264
11.37444608
11.36065792
11.367582208
11.369773056
11.375849984
11.371439616
11.377197568
11.372902912
11.372496896
11.366608384
11.353345024
11.356636672
11.360889856
11.358118912
11.359762432
11.35553024
11.35487744
11.347012608
8.688894976
11.35872768
11.351707648
11.357813248
11.3640192
11.365357056
11.357805056
11.351486976
11.363142144
11.361622016
11.35932416
11.364168704
11.361954304
11.35742208
11.348136448
11.359281664
11.35895296
11.342651904
11.351620608
11.348269056
11.350706688
11.35324416
11.347157504
11.34471168
11.352060928
11.343005696
11.34808576
11.356062208
11.35871488
11.354062848
11.362153984
11.359594496
11.35643136
11.357741568
11.359952384
11.361245184
11.371419648
11.378623488
11.386881536
11.38943488
11.386919936
11.399256576
11.402297856
11.402839552
11.400989184
11.395009536
11.3981312
11.388737536
11.38484992
11.384974336
11.37650176
11.3823616
11.378632192
11.368310784
11.37018112
11.375241216
11.381041664
11.377579008
11.37278464
11.374751744
11.3836544
11.38243072
11.370169856
11.382616064
11.368814592
11.365735936
11.3667584
11.355432448
11.363563008
11.359008256
11.365050368
11.348908032
11.3483264
11.345306112
11.359358464
11.35428864
11.355889152
11.357616128
8.69807104
11.36512256
11.376996864
11.374360576
11.378495488
11.37096704
11.370589184
11.372747776
11.361651712
11.365318144
11.358083584
11.37270272
11.364919808
11.374706688
11.372238336
11.396606976
11.391183872
11.408072704
11.403914752
11.41058816
11.413651456
11.418048
11.413174784
11.416762368
11.414313472
11.410162688
11.401351168
11.396253696
11.39858176
11.393736192
11.379520512
11.377588224
11.376803328
11.385269248
11.371055104
11.369908224
11.372791808
11.38682112
11.382905856
11.38328064
11.377317376
11.37285888
11.38439424
11.379945472
11.37349888
11.369641984
11.362002944
11.364225536
11.368062976
11.361051136
11.360090112
11.362942464
11.356704768
11.346747392
11.35685632
11.34957312
8.694575104
11.356973056
11.372598272
11.352766976
11.35718656
11.34841856
11.349948416
11.35816192
11.353381888
11.356374016
8.688303616
11.350048256