0
5
10
15
20
25
30
35
40
45
50
0
55
5
60
10
65
15
70
20
75
25
80
30
85
35
90
40
95
45
100
50
105
55
110
60
115
65
120
70
125
75
130
80
135
85
140
90
145
95
150
100
155
105
160
110
165
115
170
120
175
125
180
130
185
135
190
140
195
145
200
150
205
155
210
160
215
165
220
170
225
175
230
180
235
185
240
190
245
195
250
200
255
205
260
210
265
215
270
220
275
225
280
230
285
235
290
240
295
245
300
250
305
255
310
260
315
265
320
270
325
275
330
280
335
285
340
290
345
295
350
300
355
305
360
310
365
315
370
320
375
325
380
330
385
335
390
340
395
345
400
350
405
355
410
360
415
365
420
370
425
375
430
380
435
385
440
390
445
395
450
400
455
405
460
410
465
415
470
420
475
425
480
430
485
435
490
440
495
445
500
450
505
455
510
460
515
465
520
470
525
475
530
480
535
485
540
490
545
495
550
500
555
505
560
510
565
515
570
520
575
525
580
530
585
535
590
540
595
545
600
550
605
555
610
560
615
565
620
570
625
575
630
580
635
585
640
590
645
595
650
600
655
605
660
610
665
615
670
620
675
625
680
630
685
635
690
640
695
645
700
650
705
655
710
660
715
665
720
670
725
675
730
680
735
685
740
690
745
695
750
700
755
705
760
710
765
715
770
720
775
725
780
730
785
735
790
740
795
745
800
750
805
755
810
760
815
765
820
770
825
775
830
780
835
785
840
790
845
795
850
800
855
805
860
810
865
815
870
820
875
825
880
830
885
835
890
840
895
845
900
850
905
855
910
860
915
865
920
870
925
875
930
880
935
885
940
890
945
895
950
900
955
905
960
910
965
915
970
920
975
925
980
930
985
935
990
940
995
945
1000
950
1005
955
1010
960
1015
965
1020
970
1025
975
1030
980
1035
985
1040
990
1045
995
1050
1000
1055
1005
1060
1010
1065
1015
1070
1020
1075
1025
1080
1030
1085
1035
1090
1040
1095
1045
1100
1050
1105
1055
1110
1060
1115
1065
1120
1070
1125
1075
1130
1080
1135
1085
1140
1090
1145
1095
1150
1100
1155
1105
1160
1110
1165
1115
1170
1120
1175
1125
1180
1130
1185
1135
1190
1140
1195
1145
1200
1150
1205
1155
1210
1160
1215
1165
1220
1170
1225
1175
1230
1180
1235
1185
1240
1190
1245
1195
1250
1200
1255
1205
1260
1210
1265
1215
1270
1275
1225
1280
1230
1285
1235
1290
1240
1295
1245
1300
1250
1305
1255
1310
1260
1315
1265
1320
1270
1325
1275
1330
1280
1335
1285
1340
1290
1345
1295
1350
1300
1355
1305
1360
1310
1365
1315
1370
1320
1375
1325
1380
1330
1385
1335
1390
1340
1395
1345
1400
1350
1405
1355
1410
1360
1415
1365
1420
1370
1425
1375
1430
1380
1435
1385
1440
1390
1445
1395
1450
1400
1455
1405
1460
1410
1465
1415
1470
1420
1475
1425
1480
1430
1485
1435
1490
1440
1495
1445
1500
1450
1505
1455
1510
1460
1515
1465
1520
1470
1525
1475
1530
1480
1535
1485
1540
1490
1545
1495
1550
1500
1555
1505
1560
1510
1565
1515
1570
1520
1575
1525
1580
1530
1585
1535
1590
1540
1595
1545
1600
1550
1605
1555
1610
1560
1615
1565
1620
1570
1625
1575
1630
1580
1635
1585
1640
1590
1645
1595
1650
1600
1655
1605
1660
1665
1615
1670
1620
1675
1625
1680
1630
1685
1635
1690
1640
1695
1645
1700
1650
1705
1655
1710
1660
1715
1665
1720
1670
1725
1675
1730
1680
1735
1685
1740
1690
1745
1695
1750
1700
1755
1705
1760
1710
1765
1715
1770
1720
1775
1725
1780
1730
1785
1735
1790
1740
1795
1745
1800
1750
1805
1755
1810
1760
1815
1765
1820
1770
1825
1775
1830
1780
1835
1785
1840
1790
1845
1795
1850
1800
1855
1805
1860
1810
1865
1815
1870
1820
1875
1825
1880
1830
1885
1835
1890
1840
1895
1845
1900
1850
1905
1855
1910
1860
1915
1865
1920
1870
1925
1875
1930
1880
1935
1885
1940
1945
1895
1950
1900
1955
1905
1960
1910
1965
1915
1970
1920
1975
1925
1980
1930
1985
1935
1990
1995
1945
1950
1955
1960
1965
1970
1975
1980
1985
1990
1995