199109
184920
179949
177915
177466
179730
182907
187584
192662
197830
200159
198845
197223
198459
202140
211120
224107
237691
248850
257192
265008
270792
278284
283642
288905
293525
300051
305360
309736
315196
319323
320023
323193
323595
324177
323400
320960
318121
315167
311853
306403
301835
296035
290663
285295
281085
275199
272799
267805
264904
261497
258864
254130
250328
243116
239577
235460
232668
231889
234304
236173
240378
248197
255260
260340
267961
273728
279420
286006
290491
296282
300775
306696
312847
321290
328495
338500
348527
359059
367414
375842
380298
384437
386504
386958
386380
383812
378871
374268
368479
364331
358976
354061
347434
341647
333660
327723
321215
317775
310897
306338
301032
295482
291468
286077
279756
275212
268701
262682
256875
254925
255696
257817
261032
264239
268301
269640
266554
260608
252556
243466
236500
232352
227103
222933
220223
217358
213420
209315
204474
199731
194325
189943
185811
182754
178725
175822
174828
175684
177450
178978
182271
187585
194161
201519
211548
225353
238188
254797
273333
289850
307057
320783
336121
345435
356403
367279
376283
383393
388820
392001
393672
393548
389337
386824
378799
372394
362557
351513
342423
337235
332733
330195
324427
324336
323857
324852
328745
337221
343253
346258
351297
359657
364426
367054
369751
370835
367725
365254
356412
344681
330239
309822
291116
283968
277352
274464
273757
274738
279604
284879
292159
301606
311723
318191
326690
330360
337036
336742
334826
331594
325660
320718
313907
306592
301223
292858
285172
275419
264008
251530
240680
230459
223064
220269
220937
223971
228438
235722
246295
260297
276354
290371
306537
322799
336343
349157
357175
363108
367795
372991
375961
379991
385626
393624
402311
413522
424676
436879
443648
452364
459093
459953
460498
460201
457873
456028
455116
451282
451736
448021
446759
445946
442947
441968
440325
439972
437395
431538
430144
426374
422186
416136
416300
412136
407920
408939
406275
403692
400601
399967
398728
402201
402543
407811
414990
424813
433360
445512
451392
461477
466759
469029
468599
468207
468755
471234
472716
474383
475922
472997
469000
460549
449338
436770
422832
407032
392718
374991
360294
346100
336317
327119
321553
319607
318966
320394
323403
326403
326651
324212
318846
313158
305143
297176
287470
279839
270640
260698
251794
241342
232079
221238
211930
202025
192489
183552
174664
166780
160590
157168
156149
159182
163137
169531
180694
196279
214977
225340
234660
243755
252449
260697
273734
287393
301227
311815
324329
334429
343750
352034
356546
364242
365908
369917
370832
369919
371616
371794
373369
375262
376393
374422
371583
370652
362642
361662
354953
352974
348187
348261
347420
347436
348089
354051
358911
362886
366153
374866
380349
390458
395629
404160
411414
423317
430970
440557
451502
463062
472796