2.764611584
2.77450752
2.777030656
2.738733056
2.778017792
2.78280192
2.782949376
2.783133696
2.782429184
2.757947392
2.789605376
2.791297024
2.791796736
2.791940096
2.793283584
2.801537024
2.762174464
2.810548224
2.817298432
2.778701824
2.781220864
2.792681472
2.79646208
2.800881664
2.803720192
2.866286592
2.814636032
2.878066688
2.887938048
2.892668928
2.894217216
2.902646784
2.84420096
2.90670592
2.919206912
2.920157184
2.922094592
2.92296704
2.924797952
2.940014592
2.880053248
2.935046144
2.936848384
2.93933056
2.9430784
2.94756352
2.951606272
2.956222464
2.959822848
2.96257536
2.968182784
2.972946432
2.977312768
2.979971072
2.984275968
2.990350336
2.99190272
2.996461568
2.998243328
3.002548224
3.00746752
3.019505664
3.020460032
3.020910592
3.025846272
3.0391296
3.041009664
3.044450304
3.049078784
3.062050816
3.063697408
3.07253248
3.072888832
3.075149824
3.078316032
3.083522048
3.088470016
3.09284864
3.096608768
3.100831744
3.111825408
3.112247296
3.111604224
3.114369024
3.117748224
3.121152
3.123257344
3.12762368
3.130806272
3.13399296
3.139063808
3.140026368
3.143921664
3.148009472
3.150442496
3.16319744
3.164184576
3.163930624
3.169153024
3.179053056
3.178999808
3.179102208
3.182133248
3.185876992
3.189334016
3.192225792
3.195305984
3.199352832
3.201654784
3.206406144
3.2185344
3.218796544
3.220525056
3.226259456
3.22916352
3.232772096
3.235991552
3.239407616
3.242422272
3.245326336
3.248447488
3.256614912
3.257458688
3.25894144
3.262099456
3.265277952
3.268534272
3.271348224
3.275001856
3.277955072
3.281563648
3.28443904
3.289042944
3.292639232
3.303923712
3.305639936
3.306647552
3.30901504
3.312914432
3.316617216
3.319627776
3.32525568
3.333636096
3.341492224
3.343056896
3.345780736
3.349594112
3.35405056
3.35828992
3.3610752
3.367108608
3.370856448
3.388162048
3.388112896
3.388674048
3.391889408
3.392114688
3.392479232
3.399294976
3.399749632
3.40221952
3.426435072
3.426803712
3.429666816
3.433500672
3.435401216
3.437699072
3.438559232
3.438751744
3.447816192
3.448213504
3.44993792
3.451506688
3.452665856
3.455750144
3.467214848
3.475611648
3.477671936
3.486334976
3.487739904
3.488247808
3.49771776
3.503456256
3.503341568
3.503833088
3.512213504
3.51270912
3.512848384
3.516338176
3.51612928
3.516547072
3.5188736
3.5201024
3.52626688
3.53036288
3.537661952
3.542581248
3.549868032
3.55377152
3.556548608
3.5610624
3.564683264
3.567058944
3.573727232
3.574329344
3.583000576
3.583295488
3.59624704
3.596652544
3.614007296
3.559227392
3.56237312
3.565244416
3.568197632
3.648651264
3.57439488
3.636789248
3.635888128
3.636711424
3.640901632
3.640635392
3.641434112
3.64335104
3.643731968
3.652366336
3.604791296
3.659390976
3.670048768
3.61414656
3.668578304
3.669843968
3.623641088
3.679383552
3.687989248
3.687981056
3.64171264
3.688914944
3.701178368
3.70034688
3.701702656
3.707805696
3.708686336
3.717750784
3.724058624
3.723411456
3.72492288
3.725365248
3.73116928
3.739602944
3.689541632
3.692466176
3.696381952
3.700207616
3.758657536
3.707109376
3.747037184
3.755708416
3.759296512
3.771478016
3.772071936
3.770937344
3.771240448
3.771285504
3.773587456
3.773882368
3.780653056
3.781169152
3.784511488
3.787280384
3.793125376
3.793473536
3.803652096
3.803308032
3.804393472
3.816558592
3.816329216
3.823132672
3.823222784
3.824197632
3.835682816
3.84444416
3.844767744
3.844816896
3.844800512
3.863711744
3.864211456
3.86441216
3.817291776
3.874492416
3.823947776
3.870056448
3.87141632
3.834372096
3.889160192
3.898294272
3.898867712
3.90004736
3.90729728
3.907190784
3.907158016
3.863801856
3.906891776
3.918225408
3.918340096
3.91788544
3.933794304
3.933220864
3.933622272
3.932880896
3.938185216
3.937693696
3.93842688
3.937959936
3.939954688
3.944210432
3.94752
3.950002176
3.954446336
3.957587968
3.960868864
3.964174336
3.97254656
3.97182976
3.978203136
3.978309632
3.98034944
3.984257024
3.987079168
3.990085632
3.993903104
3.997114368
4.000165888
4.003274752
4.0065024
4.011507712
4.014575616
4.017651712
4.020736
4.027920384
4.028751872
4.03152896
4.034777088
4.038242304
4.048613376
4.05041152
4.05921792
4.062908416
4.083437568
4.0848384
4.088377344
4.0890368
4.044824576
4.04985856
4.053057536
4.115738624
4.06382592
4.067311616
4.119261184
4.128149504
4.128370688
4.080910336
4.130320384
4.139036672
4.144259072
4.094345216
4.151406592
4.15363072
4.15379456
4.111269888
4.11717632
4.120100864
4.176408576
4.175663104
4.182941696
4.133666816
4.182642688
4.191449088
4.19280896
4.197679104
4.20745216
4.207468544
4.206682112
4.20970496
4.20988928
4.209532928
4.218781696
4.220571648
4.226695168
4.227158016
4.232695808
4.232466432
4.234391552
4.245209088
4.245491712
4.24732672
4.251357184
4.261298176
4.261998592
4.263620608
4.26561536