0.419
0.055
0.05
0.049
0.048
0.047
0.048
0.047
0.048
0.053
0.052
0.053
0.049
0.048
0.051
0.054
0.058
0.06
0.062
0.064
0.061
0.065
0.062
0.068
0.064
0.073
0.066
0.064
0.064
0.063
0.062
0.066
0.066
0.063
0.064
0.06
0.058
0.06
0.058
0.06
0.067
0.057
0.056
0.054
0.052
0.054
0.052
0.05
0.053
0.05
0.05
0.048
0.049
0.044
0.044
0.041
0.038
0.039
0.047
0.041
0.047
0.043
0.046
0.048
0.058
0.047
0.045
0.049
0.058
0.049
0.047
0.049
0.062
0.062
0.065
0.062
0.064
0.065
0.069
0.069
0.073
0.068
0.07
0.072
0.067
0.069
0.069
0.07
0.071
0.07
0.071
0.063
0.061
0.057
0.063
0.056
0.059
0.06
0.062
0.056
0.061
0.06
0.057
0.056
0.055
0.052
0.051
0.051
0.045
0.052
0.046
0.052
0.05
0.052
0.049
0.052
0.053
0.051
0.05
0.051
0.05
0.046
0.051
0.053
0.048
0.051
0.049
0.046
0.046
0.046
0.048
0.049
0.044
0.048
0.05
0.046
0.045
0.05
0.048
0.046
0.047
0.05
0.047
0.046
0.048
0.049
0.05
0.049
0.053
0.057
0.062
0.066
0.072
0.072
0.074
0.077
0.072
0.074
0.078
0.08
0.082
0.087
0.087
0.091
0.092
0.082
0.09
0.082
0.081
0.084
0.086
0.082
0.077
0.079
0.077
0.083
0.09
0.089
0.097
0.099
0.1
0.102
0.104
0.104
0.106
0.109
0.109
0.109
0.11
0.108
0.105
0.105
0.092
0.082
0.075
0.074
0.072
0.068
0.064
0.063
0.062
0.064
0.062
0.066
0.064
0.071
0.073
0.074
0.073
0.075
0.086
0.084
0.084
0.082
0.075
0.08
0.067
0.069
0.066
0.066
0.064
0.068
0.067
0.071
0.066
0.068
0.067
0.067
0.075
0.07
0.071
0.083
0.073
0.08
0.077
0.095
0.084
0.087
0.086
0.087
0.087
0.087
0.089
0.087
0.085
0.089
0.089
0.095
0.096
0.116
0.114
0.118
0.117
0.103
0.118
0.103
0.099
0.099
0.102
0.101
0.097
0.095
0.096
0.095
0.095
0.099
0.098
0.093
0.094
0.095
0.094
0.093
0.09
0.092
0.091
0.091
0.092
0.091
0.09
0.093
0.093
0.087
0.088
0.088
0.094
0.094
0.093
0.11
0.097
0.115
0.098
0.095
0.115
0.101
0.102
0.096
0.099
0.099
0.097
0.099
0.114
0.097
0.098
0.094
0.091
0.093
0.089
0.081
0.077
0.079
0.071
0.066
0.068
0.067
0.067
0.061
0.061
0.068
0.067
0.065
0.061
0.057
0.059
0.056
0.068
0.063
0.054
0.054
0.05
0.055
0.054
0.051
0.048
0.045
0.044
0.042
0.038
0.039
0.036
0.04
0.037
0.036
0.031
0.037
0.037
0.037
0.047
0.053
0.051
0.057
0.049
0.057
0.061
0.061
0.066
0.072
0.071
0.064
0.068
0.072
0.088
0.075
0.074
0.081
0.086
0.08
0.078
0.081
0.09
0.093
0.095
0.085
0.086
0.084
0.095
0.083
0.082
0.081
0.077
0.079
0.075
0.075
0.078
0.095
0.08
0.081
0.082
0.083
0.085
0.088
0.089
0.087
0.102
0.088
0.091
0.095
0.101
0.1
0.097
0.098