0
20
40
60
80
100
120
140
160
180
200
0
220
20
240
40
260
60
280
80
300
100
320
120
340
140
360
160
380
180
400
200
420
220
440
240
460
260
480
280
500
300
520
320
540
340
560
360
580
380
600
400
620
420
640
440
660
460
680
480
700
500
720
520
740
540
760
560
780
580
800
600
820
620
840
640
860
660
880
680
900
700
920
720
940
740
960
760
980
780
1000
800
1020
820
1040
840
1060
860
1080
880
1100
900
1120
920
1140
940
1160
960
1180
980
1200
1000
1220
1020
1240
1040
1260
1060
1280
1080
1300
1100
1320
1120
1340
1140
1360
1160
1380
1180
1400
1200
1420
1220
1440
1240
1460
1260
1480
1280
1500
1300
1520
1320
1540
1340
1560
1360
1580
1380
1600
1400
1620
1420
1640
1440
1660
1460
1680
1480
1700
1500
1720
1520
1740
1540
1760
1560
1780
1580
1800
1600
1820
1620
1840
1640
1860
1660
1880
1680
1900
1700
1920
1720
1940
1740
1960
1760
1980
1780
1800
1820
1840
1860
1880
1900
1920
1940
1960
1980