0.408
0.059
0.051
0.05
0.064
0.068
0.063
0.065
0.065
0.06
0.068
0.057
0.055
0.051
0.041
0.042
0.045
0.051
0.057
0.062
0.072
0.065
0.068
0.06
0.058
0.056
0.052
0.043
0.044
0.051
0.047
0.049
0.047
0.044
0.045
0.048
0.047
0.052
0.073
0.073
0.083
0.09
0.079
0.075
0.088
0.097
0.101
0.106
0.089
0.07
0.061
0.062
0.071
0.08
0.067
0.061
0.063
0.072
0.071
0.08
0.095
0.085
0.097
0.12
0.1
0.099
0.098
0.094
0.092
0.093
0.106
0.108
0.116
0.106
0.101
0.132
0.093
0.079
0.072
0.065
0.061
0.059
0.055
0.051
0.053
0.047
0.038
0.058
0.073
0.079
0.106
0.094
0.097
0.103
0.088
0.084
0.077
0.084
0.099
0.098