199109
177466
192662
197223
224107
265008
288905
309736
323193
320960
306403
285295
267805
254130
235460
236173
260340
286006
306696
338500
375842
386958
374268
354061
327723
306338
286077
262682
257817
269640
243466
222933
209315
189943
175822
178978
201519
254797
320783
367279
392001
386824
351513
330195
324852
346258
367054
365254
309822
274464
284879
318191
336742
320718
292858
251530
220269
235722
290371
349157
372991
393624
436879
459953
456028
448021
441968
431538
416136
408939
399967
407811
445512
469029
471234
472997
436770
374991
327119
320394
324212
297176
260698
221238
183552
157168
169531
225340
260697
311815
352034
369917
371794
374422
361662
348261
354051
374866
404160
440557