2.76555776
2.773983232
2.77989376
2.781290496
2.789634048
2.79994368
2.814570496
2.81759744
2.822959104
2.8268544
2.842259456
2.846810112
2.84921856
2.851160064
2.852990976
2.85446144
2.859843584
2.865844224
2.872553472
2.877513728
2.89193984
2.895835136
2.89755136
2.899816448
2.907795456
2.915115008
2.917789696
2.92235264
2.927665152
2.93410816
2.937839616
2.941022208
2.943721472
2.947039232
2.951745536
2.957758464
2.965266432
2.973032448
2.98975232
2.99032576
2.991239168
2.998378496
3.004424192
3.008704512
3.022467072
3.024084992
3.026530304
3.034771456
3.035283456
3.037786112
3.043975168
3.048513536
3.051966464
3.017969664
3.017490432
3.062587392
3.076349952
3.027767296
3.082108928
3.084189696
3.044163584
3.083337728
3.104391168
3.05856512
3.103649792
3.10366208
3.10392832
3.107495936
3.11195648
3.121360896
3.082510336
3.08527104
3.090276352
3.13741312
3.140661248
3.103383552
3.14396672
3.145224192
3.149737984
3.153096704
3.156369408
3.160702976
3.163521024
3.166715904
3.1695872
3.173367808
3.180576768
3.190697984
3.155832832
3.16520448
3.172057088
3.175632896
3.181568
3.230429184
3.238703104
3.240943616
3.241017344
3.24184064
3.249668096
3.255062528