8.632538112
8.646845952
8.661276672
8.677522432
8.693230592
8.71385344
8.734251008
8.75211264
8.766918656
8.78018048
11.449500672
11.446322176
11.44795904
11.443154432
11.434036736
11.422683648
11.417148928
11.40643584
11.389834752
11.40001536
11.388556288
11.399341056
11.395775488
11.388097024
11.393782784
11.38979584
11.393839104
11.383028736
11.380791808
11.384626688
11.378487296
11.372792832
11.374810624
11.360891392
11.376522752
11.370562048
11.37522944
11.38160384
11.396188672
11.394220032
11.399984128
11.40317952
11.413169664
11.413138432
11.420692992
11.421104128
11.424136192
11.424874496
11.415989248
11.410338304
11.404292608
11.400436224
11.4047744
11.416430592
11.412022272
11.41730304
11.417985536
11.41316608
11.41402112
11.419725824
11.429280256
11.42632448
11.421073408
11.420143104
11.415621632
11.412260352
11.414230528
11.40390912
11.385157632
11.388281856
11.387095552
11.389339648
11.39712
11.400617472
11.406621184
11.413720576
11.419073536
11.419356672
11.431872512
11.432081408
11.435526656
11.429971968
11.421570048
11.406775296
11.398930944
11.400539136
11.400365056
11.407522304
11.405694464
11.41884672
11.409767936
11.413059072
11.42262528
11.423981056
11.426994176
11.417719296
11.418356224
11.403362816
11.407015936
11.400758272