0
10
20
30
40
50
60
70
80
90
100
0
110
10
120
20
130
30
140
40
150
50
160
60
170
70
180
80
190
90
200
100
210
110
220
120
230
130
240
140
250
150
260
160
270
170
280
180
290
190
300
200
310
210
320
220
330
230
340
240
350
250
360
260
370
270
380
280
390
290
400
300
410
310
420
320
430
330
440
340
450
350
460
360
470
370
480
380
490
390
500
400
510
410
520
420
530
430
540
440
550
450
560
460
570
470
580
480
590
490
600
500
610
510
620
520
630
530
640
540
650
550
660
560
670
570
680
580
690
590
700
600
710
610
720
620
730
630
740
640
750
650
760
660
770
670
780
680
790
690
800
700
810
710
820
720
830
730
840
740
850
750
860
760
870
770
880
780
890
790
900
800
910
810
920
820
930
830
940
840
950
850
960
860
970
870
980
880
990
890
1000
900
1010
910
1020
920
1030
930
1040
940
1050
950
1060
960
1070
970
1080
980
1090
990
1100
1000
1110
1010
1120
1020
1130
1030
1140
1040
1150
1050
1160
1060
1170
1070
1180
1080
1190
1090
1200
1100
1210
1110
1220
1120
1230
1130
1240
1140
1250
1150
1260
1160
1270
1170
1280
1180
1290
1190
1300
1200
1310
1210
1320
1220
1330
1230
1340
1240
1350
1250
1360
1260
1370
1270
1380
1280
1390
1290
1400
1300
1410
1310
1420
1320
1430
1330
1440
1340
1450
1350
1460
1360
1470
1370
1480
1380
1490
1390
1500
1400
1510
1410
1520
1420
1530
1430
1540
1440
1550
1450
1560
1460
1570
1470
1580
1480
1590
1490
1600
1500
1610
1510
1620
1520
1630
1530
1640
1540
1650
1550
1660
1560
1670
1570
1680
1580
1690
1590
1700
1600
1710
1610
1720
1620
1730
1630
1740
1640
1750
1650
1760
1660
1770
1670
1780
1680
1790
1690
1800
1700
1810
1710
1820
1720
1830
1730
1840
1740
1850
1750
1860
1760
1870
1770
1880
1780
1890
1790
1900
1800
1910
1810
1920
1820
1930
1830
1940
1840
1950
1850
1960
1860
1970
1870
1980
1880
1990
1890
1900
1910
1920
1930
1940
1950
1960
1970
1980
1990