199109
179949
177466
182907
192662
200159
197223
202140
224107
248850
265008
278284
288905
300051
309736
319323
323193
324177
320960
315167
306403
296035
285295
275199
267805
261497
254130
243116
235460
231889
236173
248197
260340
273728
286006
296282
306696
321290
338500
359059
375842
384437
386958
383812
374268
364331
354061
341647
327723
317775
306338
295482
286077
275212
262682
254925
257817
264239
269640
260608
243466
232352
222933
217358
209315
199731
189943
182754
175822
175684
178978
187585
201519
225353
254797
289850
320783
345435
367279
383393
392001
393548
386824
372394
351513
337235
330195
324336
324852
337221
346258
359657
367054
370835
365254
344681
309822
283968
274464
274738
284879
301606
318191
330360
336742
331594
320718
306592
292858
275419
251530
230459
220269
223971
235722
260297
290371
322799
349157
363108
372991
379991
393624
413522
436879
452364
459953
460201
456028
451282
448021
445946
441968
439972
431538
426374
416136
412136
408939
403692
399967
402201
407811
424813
445512
461477
469029
468207
471234
474383
472997
460549
436770
407032
374991
346100
327119
319607
320394
326403
324212
313158
297176
279839
260698
241342
221238
202025
183552
166780
157168
159182
169531
196279
225340
243755
260697
287393
311815
334429
352034
364242
369917
369919
371794
375262
374422
370652
361662
352974
348261
347436
354051
362886
374866
390458
404160
423317
440557
463062