2.749247488
2.759385088
2.761121792
2.762973184
2.764222464
2.764791808
2.766393344
2.76912128
2.776162304
2.782568448
2.811650048
2.758361088
2.760392704
2.767695872
2.83502592
2.8366848
2.850750464
2.854699008
2.855870464
2.85853696
2.87023104
2.87412224
2.877444096
2.880262144
2.88253952
2.88995328
2.898153472
2.90275328
2.906517504
2.909696
2.913513472
2.91913728
2.924191744
2.93036032
2.936848384
2.944360448
2.949562368
2.955956224
2.961383424
2.9671424
2.97345024
2.97551872
2.97971712
2.983112704
2.986217472
2.989010944
2.99364352
2.99769856
3.00333056
3.008724992
3.012083712
3.015499776
3.017715712
3.021631488
3.024912384
3.033772032
3.034546176
3.036585984
3.039817728
3.043270656
3.046801408
3.049783296
3.052572672
3.056857088
3.062759424
3.0661632
3.069325312
3.077382144
3.078344704
3.082420224
3.087015936
3.089207296
3.096170496
3.098288128
3.10747136
3.108786176
3.12817664
3.130421248
3.130503168
3.135184896
3.13499648
3.148255232
3.151798272
3.158339584
3.159085056
3.162537984
3.164332032
3.164209152
3.180486656
3.18717952
3.187621888
3.197403136
3.198226432
3.200512
3.200704512
3.201404928
3.202818048
3.205451776
3.20933888
3.210305536
3.211620352
3.222335488
3.222982656
3.232493568
3.23653632
3.265896448
3.199750144
3.21564672
3.203121152
3.261755392
3.26240256
3.269722112
3.27522304
3.278712832
3.224047616
3.282743296
3.289030656
3.289419776
3.292454912
3.29807872
3.304669184
3.309555712
3.310354432
3.310137344
3.323383808
3.277172736
3.268755456
3.337785344
3.325534208
3.3370112
3.338174464
3.337371648
3.338162176
3.338186752
3.337670656
3.344662528
3.3457152
3.356925952
3.360038912
3.360223232
3.375730688
3.37688576
3.323277312
3.38151424
3.331362816
3.384897536
3.33764608
3.405975552
3.4070528
3.40731904
3.422978048
3.412410368
3.413123072
3.41377024
3.414532096
3.415363584
3.415584768
3.41921792
3.41929984
3.426086912
3.425488896
3.432566784
3.432341504
3.43924736
3.439501312
3.446325248
3.44633344
3.452547072
3.454234624
3.464470528
3.464851456
3.467317248
3.469316096
3.481489408
3.487772672
3.500539904
3.470864384
3.519696896
3.468046336
3.529740288
3.476180992
3.534139392
3.482075136
3.532886016
3.492057088
3.557961728
3.558137856
3.574403072
3.562672128
3.56390912
3.564720128
3.572727808
3.572682752
3.57363712
3.582836736
3.591909376
3.60372224
3.604795392
3.606212608
3.606298624