0.415
0.063
0.048
0.05
0.049
0.053
0.049
0.053
0.061
0.066
0.062
0.066
0.073
0.073
0.074
0.066
0.068
0.076
0.062
0.064
0.07
0.062
0.056
0.056
0.059
0.057
0.054
0.049
0.045
0.044
0.044
0.046
0.044
0.046
0.049
0.047
0.055
0.068
0.065
0.065
0.076
0.069
0.069
0.067
0.068
0.069
0.06
0.06
0.056
0.057
0.056
0.054
0.052
0.048
0.043
0.045
0.044
0.047
0.052
0.053
0.051
0.051
0.046
0.048
0.047
0.048
0.044
0.051
0.047
0.047
0.051
0.046
0.05
0.05
0.052
0.06
0.072
0.072
0.07
0.072
0.08
0.084
0.09
0.087
0.08
0.083
0.076
0.077
0.087
0.094
0.098
0.1
0.102
0.104
0.135
0.11
0.096
0.08
0.078
0.065
0.065
0.069
0.067
0.082
0.075
0.083
0.084
0.079
0.08
0.07
0.065
0.076
0.068
0.072
0.083
0.073
0.079
0.073
0.079
0.083
0.095
0.092
0.084
0.09
0.1
0.106
0.115
0.107
0.101
0.103
0.099
0.101
0.097
0.1
0.095
0.095
0.098
0.092
0.094
0.092
0.099
0.092
0.102
0.094
0.103
0.095
0.108
0.098
0.095
0.095
0.099
0.116
0.096
0.093
0.077
0.072
0.067
0.07
0.078
0.067
0.062
0.06
0.064
0.058
0.051
0.055
0.049
0.046
0.038
0.039
0.04
0.032
0.039
0.051
0.056
0.054
0.066
0.069
0.077
0.073
0.092
0.078
0.089
0.084
0.095
0.09
0.091
0.09
0.088
0.083
0.079
0.078
0.08
0.081
0.084
0.088
0.097
0.092
0.101
0.104