8.632538112
8.64760832
8.665097216
8.68181248
8.697188352
8.711715328
8.724618752
8.739154432
8.757953024
8.775237632
11.443390976
11.43523072
11.43267328
11.44233216
11.43019008
11.432936448
11.442372608
11.443321344
11.438358016
11.432422912
11.43621888
11.429390336
11.42909184
11.417709568
11.411682816
11.400821248
11.406422016
11.393845248
11.389785088
11.391322112
11.383361024
11.379311616
11.375067648
11.359188992
11.35481856
11.350152704
11.3510016
11.3616256
11.372333568
11.35554304
11.375428608
11.366374912
11.380468224
11.384901632
11.389543936
11.39977216
11.391348224
11.381604864
11.391590912
11.387735552
11.384872448
11.376858112
11.37576448
11.377874944
11.368679424
11.364298752
11.350804992
11.361516032
11.3481088
11.35537408
11.35316224
11.36032512
11.35465472
11.360586752
11.355611136
11.362067456
11.362650112
11.376866816
11.376775168
11.373915648
11.39298304
11.38343936
11.391079936
11.393499136
11.39392512
11.380619264
11.395104768
11.39893504
11.402878464
11.388900352
11.392934912
11.39408128
11.391794176
11.386943488
11.388189696
11.386997248
11.378797056
11.366632448
11.370499584
11.373809664
11.370971136
11.373934592
11.382930944
11.379523584
11.379211264
11.3785216
11.376218624
11.383202816
11.382103552
11.38092288
11.375098368
11.372781056
11.359491584
11.372000768
11.373114368
11.377115648
11.375471616
11.375885824
11.381451264
11.380525568
11.38865664
11.389384192
11.38839296
11.395242496
11.396380672
11.403133952
11.392971264
11.389499904
11.387764224
11.381556224
11.39148032
11.396076544
11.38614784
11.380099072
11.385199104
11.380187136
11.393978368
11.392889344
11.388883968
11.387224064
11.388118016
11.386249216
11.376987136
11.379219968
11.375308288
11.366614016
11.371052032
11.358828032
11.357466624
11.366214656
11.366922752
11.364193792
11.373477376
11.36092416
11.376780288
11.382280192
11.393667072
11.402435584
11.402304512
11.40787712
11.413134336
11.421857792
11.41670144
11.419753472
11.415598592
11.408848896
11.41033728
11.396965376
11.401618944
11.401313792
11.390380032
11.384988672
11.388666368
11.377254912
11.379876864
11.377944064
11.380875776
11.380120576
11.38012928
11.385778688
11.38978304
11.386111488
11.394141184
11.398445568
11.399549952
11.396778496
11.407074816
11.412395008
11.402655232
11.404485632
11.418281472
11.423041536
11.417083904
11.401073152
11.404406272
11.406404608
11.391869952
11.394847744
11.395618816
11.38015744
11.385675264
11.38112512
11.379779584
11.378968064
11.364873728
11.368652288
11.367320064
11.366147584
11.359686144
11.364462592